Mplus VERSION 8.11 (Mac)
MUTHEN & MUTHEN
08/07/2026   5:09 PM

INPUT INSTRUCTIONS

  TITLE:
  vdori - Orientation to time

  vdlfl1 - Animal naming

  vdlfl2 - Scissors & cactus

  vdlfl3 - President & vice-president

  vdcount - Count backwards from 20

  vdsevens - Serial sevens

  vdwdimm - Immediate word recall

  vdwddel - Delayed word recall

  vdexf7 - Number series

  DATA:
  FILE = "model_1a_fixed_e5011e961961db7b32eb4f3719326ff7.dat";

  VARIABLE:
  NAMES = STRATUM SECU_mplus vdori vdlfl1z vdlfl2 vdlfl3 vdwddelz vdexf7z vdsevens
       vdcount weight mplusid2;
   MISSING=.;
   categorical = vdori  vdlfl2 vdlfl3 vdsevens vdcount; idvariable = mplusid2;
  weight = weight; stratification = STRATUM; cluster = SECU_mplus;
  ANALYSIS:
  estimator = mlr; COVERAGE=0; link=PROBIT;
  TYPE = complex;
  MODEL:
  F BY VDORI @ 0.5531;
   F BY VDLFL1Z @ 0.0487;
   F BY VDLFL2 @ 0.9349;
   F BY VDLFL3 @ 0.7563;
   F BY VDWDDELZ @ 0.1309;
   F BY VDEXF7Z @ 0.1319;
   F BY VDSEVENS @ 0.8673;
   F BY VDCOUNT @ 0.609;
   [VDLFL1Z @ 0.1788];
   [VDWDDELZ @ 0.4177];
   [VDEXF7Z @ 0.6292];
   [VDORI$1 @ -2.7389];
   [VDORI$2 @ -2.3548];
   [VDORI$3 @ -1.8481];
   [VDORI$4 @ -0.8037];
   [VDLFL2$1 @ -3.5656];
   [VDLFL2$2 @ -2.0476];
   [VDLFL3$1 @ -2.4625];
   [VDLFL3$2 @ -0.6221];
   [VDSEVENS$1 @ -1.8919];
   [VDSEVENS$2 @ -1.2153];
   [VDSEVENS$3 @ -0.8462];
   [VDSEVENS$4 @ -0.3956];
   [VDSEVENS$5 @ 0.207];
   [VDCOUNT$1 @ -1.7794];
   VDLFL1Z @ 0.0042;
   VDWDDELZ @ 0.0262;
   VDEXF7Z @ 0.017;
   [F@0];
   F@1;
  OUTPUT:
  standardized;
  SAVEDATA:
  H5RESULTS = model_1a_fixed.h5; save = fscores; file = model_1a_fixed.dat;



*** WARNING
  One or more observations has a value of 0 for the WEIGHT variable.  Consider using the
  SUBPOPULATION option to restrict the analysis to observations with a positive weight.
*** WARNING
  Data set contains cases with missing on all variables.
  These cases were not included in the analysis.
  Number of cases with missing on all variables:  24168
   2 WARNING(S) FOUND IN THE INPUT INSTRUCTIONS




vdori - Orientation to time

vdlfl1 - Animal naming

vdlfl2 - Scissors & cactus

vdlfl3 - President & vice-president

vdcount - Count backwards from 20

vdsevens - Serial sevens

vdwdimm - Immediate word recall

vdwddel - Delayed word recall

vdexf7 - Number series

SUMMARY OF ANALYSIS

Number of groups                                                 1
Number of observations                                       63992

Number of dependent variables                                    8
Number of independent variables                                  0
Number of continuous latent variables                            1

Observed dependent variables

  Continuous
   VDLFL1Z     VDWDDELZ    VDEXF7Z

  Binary and ordered categorical (ordinal)
   VDORI       VDLFL2      VDLFL3      VDSEVENS    VDCOUNT

Continuous latent variables
   F

Variables with special functions

  Stratification        STRATUM
  Cluster variable      SECU_MPL
  Weight variable       WEIGHT
  ID variable           MPLUSID2

Estimator                                                      MLR
Information matrix                                        OBSERVED
Optimization Specifications for the Quasi-Newton Algorithm for
Continuous Outcomes
  Maximum number of iterations                                 100
  Convergence criterion                                  0.100D-05
Optimization Specifications for the EM Algorithm
  Maximum number of iterations                                 500
  Convergence criteria
    Loglikelihood change                                 0.100D-02
    Relative loglikelihood change                        0.100D-05
    Derivative                                           0.100D-02
Optimization Specifications for the M step of the EM Algorithm for
Categorical Latent variables
  Number of M step iterations                                    1
  M step convergence criterion                           0.100D-02
  Basis for M step termination                           ITERATION
Optimization Specifications for the M step of the EM Algorithm for
Censored, Binary or Ordered Categorical (Ordinal), Unordered
Categorical (Nominal) and Count Outcomes
  Number of M step iterations                                    1
  M step convergence criterion                           0.100D-02
  Basis for M step termination                           ITERATION
  Maximum value for logit thresholds                            10
  Minimum value for logit thresholds                           -10
  Minimum expected cell size for chi-square              0.100D-01
Maximum number of iterations for H1                           2000
Convergence criterion for H1                             0.100D-03
Optimization algorithm                                         EMA
Integration Specifications
  Type                                                    STANDARD
  Number of integration points                                  15
  Dimensions of numerical integration                            1
  Adaptive quadrature                                           ON
Link                                                        PROBIT
Cholesky                                                        ON

Input data file(s)
  model_1a_fixed_e5011e961961db7b32eb4f3719326ff7.dat
Input data format  FREE


SUMMARY OF DATA

     Number of missing data patterns            24
     Number of y missing data patterns           8
     Number of u missing data patterns           6
     Number of strata                           80
     Number of clusters                        160


COVARIANCE COVERAGE OF DATA

Minimum covariance coverage value   0.000


     PROPORTION OF DATA PRESENT


           Covariance Coverage
              VDORI         VDLFL2        VDLFL3        VDSEVENS      VDCOUNT
              ________      ________      ________      ________      ________
 VDORI          0.559
 VDLFL2         0.559         0.559
 VDLFL3         0.559         0.559         0.559
 VDSEVENS       0.559         0.559         0.559         1.000
 VDCOUNT        0.556         0.556         0.556         0.921         0.921
 VDLFL1Z        0.553         0.553         0.553         0.553         0.551
 VDWDDELZ       0.553         0.553         0.553         0.916         0.915
 VDEXF7Z        0.334         0.334         0.334         0.588         0.534


           Covariance Coverage
              VDLFL1Z       VDWDDELZ      VDEXF7Z
              ________      ________      ________
 VDLFL1Z        0.553
 VDWDDELZ       0.548         0.916
 VDEXF7Z        0.332         0.532         0.588


     PROPORTION OF DATA PRESENT FOR U


           Covariance Coverage
              VDORI         VDLFL2        VDLFL3        VDSEVENS      VDCOUNT
              ________      ________      ________      ________      ________
 VDORI          0.559
 VDLFL2         0.559         0.559
 VDLFL3         0.559         0.559         0.559
 VDSEVENS       0.559         0.559         0.559         1.000
 VDCOUNT        0.556         0.556         0.556         0.921         0.921


     PROPORTION OF DATA PRESENT FOR Y


           Covariance Coverage
              VDLFL1Z       VDWDDELZ      VDEXF7Z
              ________      ________      ________
 VDLFL1Z        0.553
 VDWDDELZ       0.548         0.916
 VDEXF7Z        0.332         0.532         0.588


UNIVARIATE PROPORTIONS AND COUNTS FOR CATEGORICAL VARIABLES

    VDORI
      Category 1    0.008          264.527
      Category 2    0.011          367.862
      Category 3    0.029          939.756
      Category 4    0.182         5969.199
      Category 5    0.770        25233.744
    VDLFL2
      Category 1    0.005          173.302
      Category 2    0.057         1883.238
      Category 3    0.937        30718.547
    VDLFL3
      Category 1    0.035         1160.786
      Category 2    0.274         8996.480
      Category 3    0.690        22616.983
    VDSEVENS
      Category 1    0.058         3743.260
      Category 2    0.078         4975.203
      Category 3    0.065         4164.503
      Category 4    0.115         7355.268
      Category 5    0.184        11759.634
      Category 6    0.500        31993.877
    VDCOUNT
      Category 1    0.058         3289.883
      Category 2    0.942        53778.218



UNIVARIATE SAMPLE STATISTICS


     UNIVARIATE HIGHER-ORDER MOMENT DESCRIPTIVE STATISTICS

         Variable/         Mean/     Skewness/   Minimum/ % with                Percentiles
        Sample Size      Variance    Kurtosis    Maximum  Min/Max      20%/60%    40%/80%    Median

     VDLFL1Z               0.199       2.727       0.000    0.23%       0.114      0.159      0.182
           35385.000       0.008      24.118       1.114    0.16%       0.205      0.250
     VDWDDELZ              0.467      -0.224       0.000    5.69%       0.300      0.400      0.400
           58621.000       0.041       0.024       1.000    0.55%       0.500      0.600
     VDEXF7Z               0.692      -0.958       0.000    0.83%       0.526      0.623      0.663
           37633.000       0.030       2.226       1.000    2.97%       0.726      0.783


THE MODEL ESTIMATION TERMINATED NORMALLY



MODEL FIT INFORMATION

Number of Free Parameters                        0

Loglikelihood

          H0 Value                      -92490.845

Information Criteria

          Akaike (AIC)                  184981.691
          Bayesian (BIC)                184981.691
          Sample-Size Adjusted BIC      184981.691
            (n* = (n + 2) / 24)

Chi-Square Test of Model Fit for the Binary and Ordered Categorical
(Ordinal) Outcomes**

          Pearson Chi-Square

          Value                           1261.844
          Degrees of Freedom                   535
          P-Value                           0.0000

          Likelihood Ratio Chi-Square

          Value                              0.000
          Degrees of Freedom                   535
          P-Value                           1.0000

** Of the 1009 cells in the frequency table, 4
   were deleted in the calculation of chi-square due to extreme values.

Chi-Square Test for MCAR under the Unrestricted Latent Class Indicator Model

          Pearson Chi-Square

          Value                           1252.174
          Degrees of Freedom                   464
          P-Value                           0.0000

          Likelihood Ratio Chi-Square

          Value                           -129.923
          Degrees of Freedom                   464
          P-Value                           1.0000



MODEL RESULTS

                                                    Two-Tailed
                    Estimate       S.E.  Est./S.E.    P-Value

 F        BY
    VDORI              0.553      0.000    999.000    999.000
    VDLFL1Z            0.049      0.000    999.000    999.000
    VDLFL2             0.935      0.000    999.000    999.000
    VDLFL3             0.756      0.000    999.000    999.000
    VDWDDELZ           0.131      0.000    999.000    999.000
    VDEXF7Z            0.132      0.000    999.000    999.000
    VDSEVENS           0.867      0.000    999.000    999.000
    VDCOUNT            0.609      0.000    999.000    999.000

 Means
    F                  0.000      0.000    999.000    999.000

 Intercepts
    VDLFL1Z            0.179      0.000    999.000    999.000
    VDWDDELZ           0.418      0.000    999.000    999.000
    VDEXF7Z            0.629      0.000    999.000    999.000

 Thresholds
    VDORI$1           -2.739      0.000    999.000    999.000
    VDORI$2           -2.355      0.000    999.000    999.000
    VDORI$3           -1.848      0.000    999.000    999.000
    VDORI$4           -0.804      0.000    999.000    999.000
    VDLFL2$1          -3.566      0.000    999.000    999.000
    VDLFL2$2          -2.048      0.000    999.000    999.000
    VDLFL3$1          -2.463      0.000    999.000    999.000
    VDLFL3$2          -0.622      0.000    999.000    999.000
    VDSEVENS$1        -1.892      0.000    999.000    999.000
    VDSEVENS$2        -1.215      0.000    999.000    999.000
    VDSEVENS$3        -0.846      0.000    999.000    999.000
    VDSEVENS$4        -0.396      0.000    999.000    999.000
    VDSEVENS$5         0.207      0.000    999.000    999.000
    VDCOUNT$1         -1.779      0.000    999.000    999.000

 Variances
    F                  1.000      0.000    999.000    999.000

 Residual Variances
    VDLFL1Z            0.004      0.000    999.000    999.000
    VDWDDELZ           0.026      0.000    999.000    999.000
    VDEXF7Z            0.017      0.000    999.000    999.000


QUALITY OF NUMERICAL RESULTS

     Condition Number for the Information Matrix              0.100E+01
       (ratio of smallest to largest eigenvalue)


RESULTS IN PROBABILITY SCALE

                    Estimate

 VDORI
    Category 1         0.008
    Category 2         0.011
    Category 3         0.033
    Category 4         0.188
    Category 5         0.759
 VDLFL2
    Category 1         0.005
    Category 2         0.063
    Category 3         0.933
 VDLFL3
    Category 1         0.025
    Category 2         0.285
    Category 3         0.690
 VDSEVENS
    Category 1         0.076
    Category 2         0.103
    Category 3         0.082
    Category 4         0.121
    Category 5         0.180
    Category 6         0.438
 VDCOUNT
    Category 1         0.064
    Category 2         0.936


STANDARDIZED MODEL RESULTS


STDYX Standardization

                                                    Two-Tailed
                    Estimate       S.E.  Est./S.E.    P-Value

 F        BY
    VDORI              0.484      0.000    999.000    999.000
    VDLFL1Z            0.601      0.000    999.000    999.000
    VDLFL2             0.683      0.000    999.000    999.000
    VDLFL3             0.603      0.000    999.000    999.000
    VDWDDELZ           0.629      0.000    999.000    999.000
    VDEXF7Z            0.711      0.000    999.000    999.000
    VDSEVENS           0.655      0.000    999.000    999.000
    VDCOUNT            0.520      0.000    999.000    999.000

 Means
    F                  0.000      0.000    999.000    999.000

 Intercepts
    VDLFL1Z            2.206      0.000    999.000    999.000
    VDWDDELZ           2.007      0.000    999.000    999.000
    VDEXF7Z            3.393      0.000    999.000    999.000

 Thresholds
    VDORI$1           -2.397      0.000    999.000    999.000
    VDORI$2           -2.061      0.000    999.000    999.000
    VDORI$3           -1.617      0.000    999.000    999.000
    VDORI$4           -0.703      0.000    999.000    999.000
    VDLFL2$1          -2.605      0.000    999.000    999.000
    VDLFL2$2          -1.496      0.000    999.000    999.000
    VDLFL3$1          -1.964      0.000    999.000    999.000
    VDLFL3$2          -0.496      0.000    999.000    999.000
    VDSEVENS$1        -1.429      0.000    999.000    999.000
    VDSEVENS$2        -0.918      0.000    999.000    999.000
    VDSEVENS$3        -0.639      0.000    999.000    999.000
    VDSEVENS$4        -0.299      0.000    999.000    999.000
    VDSEVENS$5         0.156      0.000    999.000    999.000
    VDCOUNT$1         -1.520      0.000    999.000    999.000

 Variances
    F                  1.000      0.000    999.000    999.000

 Residual Variances
    VDLFL1Z            0.639      0.000    999.000    999.000
    VDWDDELZ           0.605      0.000    999.000    999.000
    VDEXF7Z            0.494      0.000    999.000    999.000


STDY Standardization

                                                    Two-Tailed
                    Estimate       S.E.  Est./S.E.    P-Value

 F        BY
    VDORI              0.484      0.000    999.000    999.000
    VDLFL1Z            0.601      0.000    999.000    999.000
    VDLFL2             0.683      0.000    999.000    999.000
    VDLFL3             0.603      0.000    999.000    999.000
    VDWDDELZ           0.629      0.000    999.000    999.000
    VDEXF7Z            0.711      0.000    999.000    999.000
    VDSEVENS           0.655      0.000    999.000    999.000
    VDCOUNT            0.520      0.000    999.000    999.000

 Means
    F                  0.000      0.000    999.000    999.000

 Intercepts
    VDLFL1Z            2.206      0.000    999.000    999.000
    VDWDDELZ           2.007      0.000    999.000    999.000
    VDEXF7Z            3.393      0.000    999.000    999.000

 Thresholds
    VDORI$1           -2.397      0.000    999.000    999.000
    VDORI$2           -2.061      0.000    999.000    999.000
    VDORI$3           -1.617      0.000    999.000    999.000
    VDORI$4           -0.703      0.000    999.000    999.000
    VDLFL2$1          -2.605      0.000    999.000    999.000
    VDLFL2$2          -1.496      0.000    999.000    999.000
    VDLFL3$1          -1.964      0.000    999.000    999.000
    VDLFL3$2          -0.496      0.000    999.000    999.000
    VDSEVENS$1        -1.429      0.000    999.000    999.000
    VDSEVENS$2        -0.918      0.000    999.000    999.000
    VDSEVENS$3        -0.639      0.000    999.000    999.000
    VDSEVENS$4        -0.299      0.000    999.000    999.000
    VDSEVENS$5         0.156      0.000    999.000    999.000
    VDCOUNT$1         -1.520      0.000    999.000    999.000

 Variances
    F                  1.000      0.000    999.000    999.000

 Residual Variances
    VDLFL1Z            0.639      0.000    999.000    999.000
    VDWDDELZ           0.605      0.000    999.000    999.000
    VDEXF7Z            0.494      0.000    999.000    999.000


STD Standardization

                                                    Two-Tailed
                    Estimate       S.E.  Est./S.E.    P-Value

 F        BY
    VDORI              0.553      0.000    999.000    999.000
    VDLFL1Z            0.049      0.000    999.000    999.000
    VDLFL2             0.935      0.000    999.000    999.000
    VDLFL3             0.756      0.000    999.000    999.000
    VDWDDELZ           0.131      0.000    999.000    999.000
    VDEXF7Z            0.132      0.000    999.000    999.000
    VDSEVENS           0.867      0.000    999.000    999.000
    VDCOUNT            0.609      0.000    999.000    999.000

 Means
    F                  0.000      0.000    999.000    999.000

 Intercepts
    VDLFL1Z            0.179      0.000    999.000    999.000
    VDWDDELZ           0.418      0.000    999.000    999.000
    VDEXF7Z            0.629      0.000    999.000    999.000

 Thresholds
    VDORI$1           -2.739      0.000    999.000    999.000
    VDORI$2           -2.355      0.000    999.000    999.000
    VDORI$3           -1.848      0.000    999.000    999.000
    VDORI$4           -0.804      0.000    999.000    999.000
    VDLFL2$1          -3.566      0.000    999.000    999.000
    VDLFL2$2          -2.048      0.000    999.000    999.000
    VDLFL3$1          -2.463      0.000    999.000    999.000
    VDLFL3$2          -0.622      0.000    999.000    999.000
    VDSEVENS$1        -1.892      0.000    999.000    999.000
    VDSEVENS$2        -1.215      0.000    999.000    999.000
    VDSEVENS$3        -0.846      0.000    999.000    999.000
    VDSEVENS$4        -0.396      0.000    999.000    999.000
    VDSEVENS$5         0.207      0.000    999.000    999.000
    VDCOUNT$1         -1.779      0.000    999.000    999.000

 Variances
    F                  1.000      0.000    999.000    999.000

 Residual Variances
    VDLFL1Z            0.004      0.000    999.000    999.000
    VDWDDELZ           0.026      0.000    999.000    999.000
    VDEXF7Z            0.017      0.000    999.000    999.000


R-SQUARE

    Observed                                        Two-Tailed
    Variable        Estimate       S.E.  Est./S.E.    P-Value

    VDORI              0.234      0.000    999.000    999.000
    VDLFL2             0.466      0.000    999.000    999.000
    VDLFL3             0.364      0.000    999.000    999.000
    VDSEVENS           0.429      0.000    999.000    999.000
    VDCOUNT            0.271      0.000    999.000    999.000
    VDLFL1Z            0.361      0.000    999.000    999.000
    VDWDDELZ           0.395      0.000    999.000    999.000
    VDEXF7Z            0.506      0.000    999.000    999.000


SAMPLE STATISTICS FOR ESTIMATED FACTOR SCORES


     SAMPLE STATISTICS


           Means
              F             F_SE
              ________      ________
                0.032         0.548


           Covariances
              F             F_SE
              ________      ________
 F              0.696
 F_SE           0.024         0.007


           Correlations
              F             F_SE
              ________      ________
 F              1.000
 F_SE           0.350         1.000


SAVEDATA INFORMATION


  Save file
    model_1a_fixed.dat

  Order and format of variables

    VDORI          F10.3
    VDLFL2         F10.3
    VDLFL3         F10.3
    VDSEVENS       F10.3
    VDCOUNT        F10.3
    VDLFL1Z        F10.3
    VDWDDELZ       F10.3
    VDEXF7Z        F10.3
    F              F10.3
    F_SE           F10.3
    WEIGHT         F10.3
    MPLUSID2       I6
    STRATUM        I4
    SECU_MPLUS     I4

  Save file format
    11F10.3 I6 2I4

  Save file record length    10000

  Save missing symbol        *


  Results in H5 Format

  Save file
    model_1a_fixed.h5

  List of results saved

    Summary of Analysis
    Model Fit Information
    Model Results
    Results in Probability Scale
    Standardized Model Results
    R-Square

     Beginning Time:  17:09:39
        Ending Time:  17:09:42
       Elapsed Time:  00:00:03



MUTHEN & MUTHEN
3463 Stoner Ave.
Los Angeles, CA  90066

Tel: (310) 391-9971
Fax: (310) 391-8971
Web: www.StatModel.com
Support: Support@StatModel.com

Copyright (c) 1998-2024 Muthen & Muthen
