Mplus VERSION 9 (Mac)
MUTHEN & MUTHEN
09/23/2026  11:25 AM

INPUT INSTRUCTIONS

  TITLE:
  x1-x3: age splines
    x4: female
    x5: black
    x6: hispanic
    x7: school years
  DATA:
  FILE = "pmm_hcap_102b_061f55c376470d40431fe7d56827963c.dat";
  VARIABLE:
  NAMES = id HCAP16WGTR STRATUM SECU_mplus vdori vdlfl1z vdlfl2 vdlfl3 vdwdimmz
       vdwddelz vdexf7z vdsevens vdcount x1 x2 x3 x4 x5 x6 x7 x1x4 x1x5 x1x6 x1x7 x2x4
       x2x5 x2x6 x2x7 x3x4 x3x5 x3x6 x3x7 x4x5 x4x6 x4x7 x5x7 x6x7 nPG014 nPG021
       nPG023 nPG030 nPG040 nPG041 nPG044 nPG047 nPG050 nPG059 PD102;
   MISSING=.;
   categorical = vdori vdlfl2 vdlfl3 vdsevens vdcount nPG014 nPG021
     nPG023 nPG030  nPG040 nPG041 nPG044 nPG047 nPG050 nPG059 PD102;
  idvariable = id;
  classes = c (3);
  weight = HCAP16WGTR; stratification = STRATUM; cluster = SECU_mplus;
  ANALYSIS:
  estimator = mlr;
  ALGORITHM=INTEGRATION;
  starts = 80;
  processors = 12;
  TYPE = complex mixture;
  MODEL:
  %OVERALL%
   vdori on x1 @ -0.07577;
   vdori on x2 @ 0.39087;
   vdori on x3 @ -1.64662;
   vdori on x4 @ 0.76033;
   vdori on x5 @ -0.03052;
   vdori on x6 @ -0.204;
   vdori on x7 @ 0.14628;
   vdori on x1x4 @ 0.00741;
   vdori on x1x5 @ 0.13772;
   vdori on x1x6 @ 0.08192;
   vdori on x1x7 @ -0.00996;
   vdori on x2x4 @ -0.27294;
   vdori on x2x5 @ -1.06735;
   vdori on x2x6 @ -1.06488;
   vdori on x2x7 @ 0.02926;
   vdori on x3x4 @ 1.1322;
   vdori on x3x5 @ 4.98186;
   vdori on x3x6 @ 9.34042;
   vdori on x3x7 @ -0.09049;
   vdori on x4x5 @ 1.01366;
   vdori on x4x6 @ -0.10614;
   vdori on x4x7 @ -0.05426;
   vdori on x5x7 @ -0.01297;
   vdori on x6x7 @ -0.08127;
   vdlfl1z on x1 @ -0.00588;
   vdlfl1z on x2 @ 0.01559;
   vdlfl1z on x3 @ -0.04156;
   vdlfl1z on x4 @ 0.00116;
   vdlfl1z on x5 @ -0.0278;
   vdlfl1z on x6 @ -0.03252;
   vdlfl1z on x7 @ 0.00901;
   vdlfl1z on x1x4 @ 0.00323;
   vdlfl1z on x1x5 @ 0.00114;
   vdlfl1z on x1x6 @ 0.00257;
   vdlfl1z on x1x7 @ 0.00068;
   vdlfl1z on x2x4 @ -0.01512;
   vdlfl1z on x2x5 @ 0.00165;
   vdlfl1z on x2x6 @ -0.0019;
   vdlfl1z on x2x7 @ -0.00408;
   vdlfl1z on x3x4 @ 0.04736;
   vdlfl1z on x3x5 @ -0.02221;
   vdlfl1z on x3x6 @ -0.04923;
   vdlfl1z on x3x7 @ 0.01433;
   vdlfl1z on x4x5 @ -0.00994;
   vdlfl1z on x4x6 @ 0.02194;
   vdlfl1z on x4x7 @ 0.00274;
   vdlfl1z on x5x7 @ -0.00187;
   vdlfl1z on x6x7 @ -0.00429;
   vdlfl2 on x1 @ -0.06891;
   vdlfl2 on x2 @ -0.54444;
   vdlfl2 on x3 @ 3.34408;
   vdlfl2 on x4 @ -0.78296;
   vdlfl2 on x5 @ -1.33212;
   vdlfl2 on x6 @ -0.65768;
   vdlfl2 on x7 @ 0.20568;
   vdlfl2 on x1x4 @ -0.10094;
   vdlfl2 on x1x5 @ 0.30866;
   vdlfl2 on x1x6 @ 0.48712;
   vdlfl2 on x1x7 @ 0.03102;
   vdlfl2 on x2x4 @ 1.71355;
   vdlfl2 on x2x5 @ -2.12852;
   vdlfl2 on x2x6 @ -3.44743;
   vdlfl2 on x2x7 @ -0.22588;
   vdlfl2 on x3x4 @ -7.02607;
   vdlfl2 on x3x5 @ 10.39535;
   vdlfl2 on x3x6 @ 14.01562;
   vdlfl2 on x3x7 @ 1.29551;
   vdlfl2 on x4x5 @ -0.66766;
   vdlfl2 on x4x6 @ 1.0128;
   vdlfl2 on x4x7 @ -0.01821;
   vdlfl2 on x5x7 @ 0.31556;
   vdlfl2 on x6x7 @ 0.12677;
   vdlfl3 on x1 @ -0.07963;
   vdlfl3 on x2 @ 0.28982;
   vdlfl3 on x3 @ -1.42361;
   vdlfl3 on x4 @ -0.27192;
   vdlfl3 on x5 @ -0.92143;
   vdlfl3 on x6 @ -1.13182;
   vdlfl3 on x7 @ 0.06457;
   vdlfl3 on x1x4 @ 0.13961;
   vdlfl3 on x1x5 @ 0.05532;
   vdlfl3 on x1x6 @ -0.02109;
   vdlfl3 on x1x7 @ -0.00015;
   vdlfl3 on x2x4 @ -0.81005;
   vdlfl3 on x2x5 @ -0.10642;
   vdlfl3 on x2x6 @ 0.46564;
   vdlfl3 on x2x7 @ 0.02551;
   vdlfl3 on x3x4 @ 4.15654;
   vdlfl3 on x3x5 @ 0.19483;
   vdlfl3 on x3x6 @ -2.93524;
   vdlfl3 on x3x7 @ -0.18483;
   vdlfl3 on x4x5 @ 0.03168;
   vdlfl3 on x4x6 @ 0.33396;
   vdlfl3 on x4x7 @ 0.11012;
   vdlfl3 on x5x7 @ 0.20389;
   vdlfl3 on x6x7 @ 0.09777;
   vdwdimmz on x1 @ -0.00631;
   vdwdimmz on x2 @ 0.0186;
   vdwdimmz on x3 @ -0.10341;
   vdwdimmz on x4 @ 0.05459;
   vdwdimmz on x5 @ -0.06698;
   vdwdimmz on x6 @ -0.01286;
   vdwdimmz on x7 @ 0.01871;
   vdwdimmz on x1x4 @ 0.00561;
   vdwdimmz on x1x5 @ 0.00607;
   vdwdimmz on x1x6 @ -0.00397;
   vdwdimmz on x1x7 @ -0.00016;
   vdwdimmz on x2x4 @ -0.04017;
   vdwdimmz on x2x5 @ -0.02814;
   vdwdimmz on x2x6 @ 0.0362;
   vdwdimmz on x2x7 @ -0.0019;
   vdwdimmz on x3x4 @ 0.18775;
   vdwdimmz on x3x5 @ 0.09277;
   vdwdimmz on x3x6 @ -0.18046;
   vdwdimmz on x3x7 @ 0.00778;
   vdwdimmz on x4x5 @ 0.02638;
   vdwdimmz on x4x6 @ -0.02468;
   vdwdimmz on x4x7 @ 0.00138;
   vdwdimmz on x5x7 @ -0.00457;
   vdwdimmz on x6x7 @ -0.01221;
   vdwddelz on x1 @ -0.00574;
   vdwddelz on x2 @ 0.00751;
   vdwddelz on x3 @ -0.06634;
   vdwddelz on x4 @ 0.06068;
   vdwddelz on x5 @ -0.08568;
   vdwddelz on x6 @ 0.00634;
   vdwddelz on x7 @ 0.02084;
   vdwddelz on x1x4 @ 0.00767;
   vdwddelz on x1x5 @ 0.00487;
   vdwddelz on x1x6 @ -0.00804;
   vdwddelz on x1x7 @ -0.00038;
   vdwddelz on x2x4 @ -0.03747;
   vdwddelz on x2x5 @ -0.04991;
   vdwddelz on x2x6 @ 0.00614;
   vdwddelz on x2x7 @ -0.00048;
   vdwddelz on x3x4 @ 0.16822;
   vdwddelz on x3x5 @ 0.2361;
   vdwddelz on x3x6 @ 0.04776;
   vdwddelz on x3x7 @ -0.00177;
   vdwddelz on x4x5 @ 0.01177;
   vdwddelz on x4x6 @ -0.02779;
   vdwddelz on x4x7 @ 0.00288;
   vdwddelz on x5x7 @ -0.00616;
   vdwddelz on x6x7 @ -0.01277;
   vdexf7z on x1 @ -0.00303;
   vdexf7z on x2 @ -0.01025;
   vdexf7z on x3 @ 0.06602;
   vdexf7z on x4 @ -0.0301;
   vdexf7z on x5 @ -0.19146;
   vdexf7z on x6 @ -0.11483;
   vdexf7z on x7 @ 0.0264;
   vdexf7z on x1x4 @ -0.00211;
   vdexf7z on x1x5 @ -9e-05;
   vdexf7z on x1x6 @ 0.00747;
   vdexf7z on x1x7 @ 0;
   vdexf7z on x2x4 @ 0.01627;
   vdexf7z on x2x5 @ -0.00405;
   vdexf7z on x2x6 @ -0.05335;
   vdexf7z on x2x7 @ -6e-04;
   vdexf7z on x3x4 @ -0.08646;
   vdexf7z on x3x5 @ 0.05681;
   vdexf7z on x3x6 @ 0.27958;
   vdexf7z on x3x7 @ 0.00407;
   vdexf7z on x4x5 @ 0.06364;
   vdexf7z on x4x6 @ -0.00044;
   vdexf7z on x4x7 @ -0.00248;
   vdexf7z on x5x7 @ 0.01059;
   vdexf7z on x6x7 @ -0.00611;
   vdsevens on x1 @ -0.05427;
   vdsevens on x2 @ -0.00687;
   vdsevens on x3 @ 0.53066;
   vdsevens on x4 @ -0.67969;
   vdsevens on x5 @ -1.81474;
   vdsevens on x6 @ -0.46003;
   vdsevens on x7 @ 0.1658;
   vdsevens on x1x4 @ 0.01226;
   vdsevens on x1x5 @ 0.07585;
   vdsevens on x1x6 @ 0.19839;
   vdsevens on x1x7 @ 0.01148;
   vdsevens on x2x4 @ 0.11088;
   vdsevens on x2x5 @ -0.5275;
   vdsevens on x2x6 @ -1.10884;
   vdsevens on x2x7 @ -0.04247;
   vdsevens on x3x4 @ -0.88452;
   vdsevens on x3x5 @ 1.56373;
   vdsevens on x3x6 @ 6.66169;
   vdsevens on x3x7 @ 0.16223;
   vdsevens on x4x5 @ 0.60637;
   vdsevens on x4x6 @ -0.56344;
   vdsevens on x4x7 @ 0.01066;
   vdsevens on x5x7 @ 0.15896;
   vdsevens on x6x7 @ -0.07309;
   vdcount on x1 @ -0.05817;
   vdcount on x2 @ -0.09183;
   vdcount on x3 @ 0.42448;
   vdcount on x4 @ -0.34935;
   vdcount on x5 @ -0.89147;
   vdcount on x6 @ 1.84413;
   vdcount on x7 @ 0.22145;
   vdcount on x1x4 @ 0.21317;
   vdcount on x1x5 @ -0.156;
   vdcount on x1x6 @ 0.05448;
   vdcount on x1x7 @ 0.01183;
   vdcount on x2x4 @ -0.9239;
   vdcount on x2x5 @ 1.13758;
   vdcount on x2x6 @ 0.28176;
   vdcount on x2x7 @ -0.01086;
   vdcount on x3x4 @ 3.66699;
   vdcount on x3x5 @ -5.2572;
   vdcount on x3x6 @ -3.89815;
   vdcount on x3x7 @ -0.18348;
   vdcount on x4x5 @ -0.04162;
   vdcount on x4x6 @ -2.15391;
   vdcount on x4x7 @ -0.11826;
   vdcount on x5x7 @ -0.00288;
   vdcount on x6x7 @ 0.08216;
   vdwdimmz with vdlfl1z @ 0.00203;
   vdwddelz with vdlfl1z @ 0.00227;
   vdwddelz with vdwdimmz @ 0.01853;
   vdexf7z with vdlfl1z @ 0.00157;
   vdexf7z with vdwdimmz @ 0.00388;
   vdexf7z with vdwddelz @ 0.00503;
   gcp by vdori @ -0.7;
   gcp by vdlfl1z @ -0.022;
   gcp by vdlfl2 @ -1.255;
   gcp by vdlfl3 @ -0.767;
   gcp by vdwdimmz @ -0.06;
   gcp by vdwddelz @ -0.073;
   gcp by vdexf7z @ -0.058;
   gcp by vdsevens @ -0.7;
   gcp by vdcount @ -0.573;
   vdwdimmz with vdlfl1z @ 0;
   vdwdimmz with vdexf7z @ 0;
   vdwddelz with vdlfl1z @ 0;
   vdwddelz with vdexf7z @ 0;
   vdexf7z with vdlfl1z @ 0;
   [ vdlfl1z @ 0.184] ;
   [ vdwdimmz @ 0.537] ;
   [ vdwddelz @ 0.441] ;
   [ vdexf7z @ 0.628] ;
   [ vdori$1 @ -5.712] ;
   [ vdori$2 @ -4.845] ;
   [ vdori$3 @ -3.775] ;
   [ vdori$4 @ -1.729] ;
   [ vdlfl2$1 @ -9.296] ;
   [ vdlfl2$2 @ -4.946] ;
   [ vdlfl3$1 @ -4.963] ;
   [ vdlfl3$2 @ -1.258] ;
   [ vdsevens$1 @ -3.387] ;
   [ vdsevens$2 @ -2.145] ;
   [ vdsevens$3 @ -1.495] ;
   [ vdsevens$4 @ -0.736] ;
   [ vdsevens$5 @ 0.254] ;
   [ vdcount$1 @ -3.678] ;
   vdlfl1z @ 0.004 ;
   vdwdimmz @ 0.018 ;
   vdwddelz @ 0.026 ;
   vdexf7z @ 0.017 ;
   %c#1%
   vdwdimmz with vdwddelz @ 0.014;
   [ gcp @ -0.114] ;
   [ npg014$1 @ 2.418] ;
   [ npg021$1 @ 3.03] ;
   [ npg023$1 @ 4.049] ;
   [ npg030$1 @ 3.129] ;
   [ npg040$1 @ 2.398] ;
   [ npg041$1 @ 3.365] ;
   [ npg044$1 @ 2.92] ;
   [ npg047$1 @ 4.009] ;
   [ npg050$1 @ 3.947] ;
   [ npg059$1 @ 3.736] ;
   [ pd102$1 @ -4.198] ;
   [ pd102$2 @ 1.18] ;
   gcp @ 1 ;
   %c#2%
   vdwdimmz with vdwddelz @ 0.012;
   [ gcp @ 1.289] ;
   [ npg014$1 @ 1.571] ;
   [ npg021$1 @ 1.78] ;
   [ npg023$1 @ 2.444] ;
   [ npg030$1 @ 2.018] ;
   [ npg040$1 @ 1.107] ;
   [ npg041$1 @ 2.033] ;
   [ npg044$1 @ 1.556] ;
   [ npg047$1 @ 2.141] ;
   [ npg050$1 @ 2.287] ;
   [ npg059$1 @ 1.932] ;
   [ pd102$1 @ -3.789] ;
   [ pd102$2 @ 0.778] ;
   gcp @ 1.572 ;
   %c#3%
   vdwdimmz with vdwddelz @ 0.011;
   [ gcp @ 2.962] ;
   [ npg014$1 @ 0.621] ;
   [ npg021$1 @ 0.603] ;
   [ npg023$1 @ 1.335] ;
   [ npg030$1 @ 1.262] ;
   [ npg040$1 @ 0.275] ;
   [ npg041$1 @ 0.503] ;
   [ npg044$1 @ 0.595] ;
   [ npg047$1 @ 0.872] ;
   [ npg050$1 @ 0.955] ;
   [ npg059$1 @ 0.718] ;
   [ pd102$1 @ -3.14] ;
   [ pd102$2 @ 0.624] ;
   gcp @ 2.354 ;

  OUTPUT:
  standardized;
  SAVEDATA:
  H5RESULTS = model_102b.h5;
    SAVE = CPROBABILITIES; file = cprob.dat;



INPUT READING TERMINATED NORMALLY




x1-x3: age splines
x4: female
x5: black
x6: hispanic
x7: school years

